// Jest Snapshot v1, https://goo.gl/fbAQLP

exports[`Label component Matches DOM Snapshot 1`] = `
<DocumentFragment>
  <label
    class="MuiFormLabel-root MuiInputLabel-root MuiInputLabel-animated MuiFormLabel-colorPrimary MuiInputLabel-root MuiInputLabel-animated css-8uvcxz-MuiFormLabel-root-MuiInputLabel-root"
    data-testid="label"
  >
    Test Input
  </label>
</DocumentFragment>
`;
